 ------------------------------------------------------------------------------------------------------------------------------------------------------- 
| Snapshot                | WNS                  | TNS                  | Density (%) | Hotspot                   | Resource               | DRVs       |
|                         | HEPG (ns) | ALL (ns) | HEPG (ns) | ALL (ns) |             | Max (bins) | Total (bins) | Real (s) | Memory (MB) | Tran | Cap |
|-------------------------+-----------+----------+-----------+----------+-------------+------------+--------------+----------+-------------+------+-----|
| initial_summary         |           |   -0.114 |           |       -0 |       69.68 |            |              | 0:00:01  |        3867 |    0 |   0 |
| simplify_netlist        |           |          |           |          |             |            |              | 0:00:01  |        3950 |      |     |
| drv_fixing              |           |          |           |          |             |            |              | 0:00:01  |        3950 |      |     |
| global_opt              |           |    0.017 |           |        0 |       69.74 |            |              | 0:00:01  |        3958 |      |     |
| area_reclaiming         |     0.000 |    0.017 |         0 |        0 |       69.74 |            |              | 0:00:01  |        3958 |      |     |
| incremental_replacement |    -0.040 |   -0.040 |           |       -0 |             |      18.00 |        18.00 | 0:00:09  |        3958 |      |     |
| tns_fixing              |     0.044 |    0.044 |         0 |        0 |       70.02 |            |              | 0:00:02  |        3976 |      |     |
| area_reclaiming_2       |     0.009 |    0.009 |         0 |        0 |       69.89 |            |              | 0:00:00  |        3968 |      |     |
| drv_eco_fixing          |     0.009 |    0.009 |         0 |        0 |       69.89 |            |              | 0:00:01  |        3968 |    0 |   0 |
| final_summary           |     0.010 |    0.010 |           |        0 |       69.89 |            |              | 0:00:01  |        3934 |    0 |   0 |
 ------------------------------------------------------------------------------------------------------------------------------------------------------- 
