Library cell information:
 ---------------------------------------
| Cell      |  Instance  |  Area(um^2)  |
|---------------------------------------|
| AND2X1    |          2 |       19.044 | 
| AND2X2    |          1 |        9.522 | 
| AND3X2    |          1 |       11.426 | 
| AOI211X1  |          5 |       57.132 | 
| AOI21X1   |         12 |      114.264 | 
| AOI221X1  |          2 |       26.662 | 
| AOI222X1  |          8 |      137.117 | 
| AOI22X1   |         20 |      228.528 | 
| CLKAND2X2 |          2 |       19.044 | 
| CLKINVX1  |         36 |      205.675 | 
| CLKINVX2  |          6 |       34.279 | 
| DFFRX1    |         47 |     1790.136 | 
| DFFSX1    |          6 |      228.528 | 
| FILL1     |         58 |      110.455 | 
| FILL16    |          6 |      182.822 | 
| FILL2     |         50 |      190.440 | 
| FILL32    |          3 |      182.822 | 
| FILL4     |         32 |      243.763 | 
| FILL64    |          4 |      487.526 | 
| FILL8     |         30 |      457.056 | 
| INVX1     |          4 |       22.853 | 
| INVX2     |          8 |       45.706 | 
| MX2X1     |         25 |      380.880 | 
| MX4X1     |          4 |      121.882 | 
| NAND2X1   |         37 |      281.851 | 
| NAND2X2   |          2 |       19.044 | 
| NAND3X1   |          1 |        9.522 | 
| NOR2X1    |         11 |       83.794 | 
| OAI211X1  |         10 |      114.264 | 
| OAI21X1   |         16 |      152.352 | 
| OAI221X1  |          3 |       39.992 | 
| OAI22X1   |          6 |       68.558 | 
| OR2X1     |          4 |       38.088 | 
| OR2X2     |          1 |        9.522 | 
| OR3X1     |          1 |       11.426 | 
|---------------------------------------|
| Total     |        464 |     6135.977 |
 ---------------------------------------
Library cell type information:
 -------------------------------------------------------
| Cell Type        |   Instance   |        Area         |
|                  |              |       um^2  |   %   |
|-------------------------------------------------------|
| Buffer           |            0 |       0.000 |   0.0 | 
| Inverter         |           54 |     308.513 |   5.0 | 
| Combinational    |          174 |    1953.914 |  31.8 | 
| Flop             |           53 |    2018.664 |  32.9 | 
| Multi-Bit Flop   |            0 |       0.000 |   0.0 | 
| Latch            |            0 |       0.000 |   0.0 | 
| Clock Gater      |            0 |       0.000 |   0.0 | 
| Macro            |            0 |       0.000 |   0.0 | 
| Physical Cell    |          183 |    1854.886 |  30.2 | 
|-------------------------------------------------------|
| Total            |          464 |    6135.977 | 100.0 | 
 -------------------------------------------------------
