###############################################################
#  Generated by:      Cadence Innovus 23.37-s090_1
#  OS:                Linux x86_64(Host ID iclab)
#  Generated on:      Sun May 17 20:54:14 2026
#  Design:            viterbi_decoder
#  Command:           report_timing > reports/report_timing.rpt
###############################################################
Path 1: MET (0.071 ns) Setup Check with Pin u_memory_pm10_reg[1]/CK->D
               View: wc
              Group: clk
         Startpoint: (R) u_memory_rx_reg_reg[15]/CK
              Clock: (R) clk
           Endpoint: (F) u_memory_pm10_reg[1]/D
              Clock: (R) clk

                       Capture       Launch
         Clock Edge:+    5.000        0.000
        Src Latency:+    0.000        0.000
        Net Latency:+    0.000 (I)    0.000 (I)
            Arrival:=    5.000        0.000

              Setup:-    0.260
        Uncertainty:-    0.150
      Required Time:=    4.590
       Launch Clock:=    0.000
          Data Path:+    4.518
              Slack:=    0.071

#-------------------------------------------------------------------------------------------
# Timing Point                Flags  Arc     Edge  Cell       Fanout  Trans   Delay  Arrival  
#                                                                      (ns)    (ns)     (ns)  
#-------------------------------------------------------------------------------------------
  u_memory_rx_reg_reg[15]/CK  -      CK      R     (arrival)      53  0.000       -    0.000  
  u_memory_rx_reg_reg[15]/QN  -      CK->QN  R     DFFRX1          2  0.000   0.625    0.625  
  g6740__5477/Y               -      B->Y    F     NAND2X2         5  0.127   0.233    0.858  
  g6730__9315/Y               -      A->Y    F     CLKAND2X2       7  0.208   0.405    1.263  
  g6708__6131/Y               -      B->Y    R     NAND2X1         2  0.149   0.146    1.410  
  g6702/Y                     -      A->Y    F     CLKINVX1        1  0.115   0.082    1.491  
  g6669__5107/Y               -      C0->Y   R     AOI211X1        2  0.047   0.297    1.789  
  g6658/Y                     -      A->Y    F     CLKINVX1        1  0.368   0.169    1.958  
  g6617__4319/Y               -      A0->Y   R     OAI21X1         1  0.111   0.191    2.149  
  g6603__7410/Y               -      B->Y    F     NAND2X1         3  0.149   0.219    2.367  
  g6600/Y                     -      A->Y    R     INVX2           5  0.184   0.224    2.592  
  g6580__7098/Y               -      B1->Y   F     OAI22X1         3  0.187   0.273    2.865  
  g6564__6417/Y               -      B->Y    R     NAND2X1         2  0.248   0.179    3.043  
  g6560/Y                     -      A->Y    F     CLKINVX1        1  0.139   0.093    3.137  
  g6539__6783/Y               -      C0->Y   R     AOI211X1        2  0.055   0.352    3.489  
  g6519__6260/Y               -      A1->Y   F     OAI21X1         1  0.440   0.204    3.693  
  g6512__6417/Y               -      B->Y    R     NAND2X1         3  0.107   0.180    3.873  
  g6510/Y                     -      A->Y    F     CLKINVX2        4  0.179   0.164    4.037  
  g6497__8246/Y               -      A1->Y   R     AOI22X1         1  0.106   0.234    4.271  
  g6481__2398/Y               -      A1->Y   F     OAI221X1        1  0.209   0.247    4.518  
  u_memory_pm10_reg[1]/D      -      D       F     DFFSX1          1  0.178   0.000    4.518  
#-------------------------------------------------------------------------------------------

