============================================================
  Generated by:           Genus(TM) Synthesis Solution 23.17-s085_1
  Generated on:           May 17 2026  07:54:15 pm
  Module:                 viterbi_decoder
  Operating conditions:   ss_1.62_125 (balanced_tree)
  Wireload mode:          enclosed
  Area mode:              timing library
============================================================


Path 1: MET (937 ps) Setup Check with Pin u_memory_pm01_reg[1]/CK->D
          Group: clk
     Startpoint: (R) u_memory_rx_reg_reg[15]/CK
          Clock: (R) clk
       Endpoint: (R) u_memory_pm01_reg[1]/D
          Clock: (R) clk

                     Capture       Launch     
        Clock Edge:+    5000            0     
       Src Latency:+       0            0     
       Net Latency:+       0 (I)        0 (I) 
           Arrival:=    5000            0     
                                              
             Setup:-     257                  
       Uncertainty:-     150                  
     Required Time:=    4593                  
      Launch Clock:-       0                  
         Data Path:-    3656                  
             Slack:=     937                  

#----------------------------------------------------------------------------------------------------
#       Timing Point         Flags    Arc   Edge   Cell     Fanout Load Trans Delay Arrival Instance 
#                                                                  (fF)  (ps)  (ps)   (ps)  Location 
#----------------------------------------------------------------------------------------------------
  u_memory_rx_reg_reg[15]/CK -       -      R     (arrival)     53    -     0     0       0    (-,-) 
  u_memory_rx_reg_reg[15]/QN -       CK->QN R     DFFRX1         2  6.2    85   591     591    (-,-) 
  g6740__5477/Y              -       B->Y   F     NAND2X1        5 14.7   183   187     778    (-,-) 
  g6730__9315/Y              -       A->Y   F     CLKAND2X2      7 24.6   106   350    1128    (-,-) 
  g6727/Y                    -       A->Y   R     INVX2          7 21.6   136   149    1277    (-,-) 
  g6718__3680/Y              -       B0->Y  F     AOI21X1        2  6.4   118   112    1389    (-,-) 
  g6683__8246/Y              -       C0->Y  R     AOI221X1       2  6.2   364   327    1716    (-,-) 
  g6615__2802/Y              -       A1->Y  F     OAI21X1        1  3.2    93   182    1898    (-,-) 
  g6598__5107/Y              -       B->Y   R     NAND2X1        3 12.1   160   156    2054    (-,-) 
  g6595/Y                    -       A->Y   F     CLKINVX2       4  9.8    63   104    2158    (-,-) 
  g6592__2883/Y              -       B1->Y  R     OAI22X1        3  8.0   300   201    2359    (-,-) 
  g6570__8428/Y              -       B->Y   R     OR2X1          2  6.2    90   272    2632    (-,-) 
  g6541__4733/Y              -       C0->Y  F     OAI211X1       2  6.0   165   184    2816    (-,-) 
  g6520__4319/Y              -       A0->Y  R     OAI21X1        1  3.2   149   201    3017    (-,-) 
  g6516__5477/Y              -       B->Y   F     NAND2X1        3 12.2   159   197    3213    (-,-) 
  g6514/Y                    -       A->Y   R     INVX2          4  9.8    93   121    3334    (-,-) 
  g6508__9945/Y              -       A1->Y  F     AOI22X1        1  3.1   101   137    3471    (-,-) 
  g6482__5526/Y              -       A1->Y  R     OAI221X1       1  1.8   195   185    3656    (-,-) 
  u_memory_pm01_reg[1]/D     <<<     -      R     DFFSX1         1    -     -     0    3656    (-,-) 
#----------------------------------------------------------------------------------------------------

