============================================================
  Generated by:           Genus(TM) Synthesis Solution 23.17-s085_1
  Generated on:           May 17 2026  07:54:15 pm
  Module:                 viterbi_decoder
  Operating conditions:   ss_1.62_125 (balanced_tree)
  Wireload mode:          enclosed
  Area mode:              timing library
============================================================

Timing
--------

Clock Period 
-------------
clk   5000.0 


  Cost    Critical         Violating 
 Group   Path Slack  TNS     Paths   
-------------------------------------
clk           936.8   0.0          0 
default    No paths   0.0            
-------------------------------------
Total                 0.0          0 

Instance Count
--------------
Leaf Instance Count             281 
Physical Instance count           0 
Sequential Instance Count        53 
Combinational Instance Count    228 
Hierarchical Instance Count       0 

Area
----
Cell Area                          4277.212
Physical Cell Area                 0.000
Total Cell Area (Cell+Physical)    4277.212
Net Area                           0.000
Total Area (Cell+Physical+Net)     4277.212

Max Fanout                         53 (clk)
Min Fanout                         0 (rst_n)
Average Fanout                     2.3
Terms to net ratio                 3.5016
Terms to instance ratio            3.9004
Runtime                            61.023959 seconds
Elapsed Runtime                    336 seconds
Genus peak memory usage            1978.55 
Innovus peak memory usage          no_value 
Hostname                           localhost
