============================================================
  Generated by:           Genus(TM) Synthesis Solution 23.17-s085_1
  Generated on:           May 17 2026  07:54:15 pm
  Module:                 viterbi_decoder
  Operating conditions:   ss_1.62_125 (balanced_tree)
  Wireload mode:          enclosed
  Area mode:              timing library
============================================================

                               
   Gate    Instances    Area          Library        
-----------------------------------------------------
AND2X1             2    19.044    sky130_ss_1.62_125 
AND2X2             1     9.522    sky130_ss_1.62_125 
AND3X2             1    11.426    sky130_ss_1.62_125 
AOI211X1           5    57.130    sky130_ss_1.62_125 
AOI21X1           12   114.264    sky130_ss_1.62_125 
AOI221X1           2    26.662    sky130_ss_1.62_125 
AOI222X1           8   137.120    sky130_ss_1.62_125 
AOI22X1           20   228.520    sky130_ss_1.62_125 
CLKAND2X2          2    19.044    sky130_ss_1.62_125 
CLKINVX1          36   205.668    sky130_ss_1.62_125 
CLKINVX2           6    34.278    sky130_ss_1.62_125 
DFFRX1            47  1790.136    sky130_ss_1.62_125 
DFFSX1             6   228.528    sky130_ss_1.62_125 
INVX1              4    22.852    sky130_ss_1.62_125 
INVX2              8    45.704    sky130_ss_1.62_125 
MX2X1             25   380.875    sky130_ss_1.62_125 
MX4X1              4   121.880    sky130_ss_1.62_125 
NAND2X1           39   297.102    sky130_ss_1.62_125 
NAND3X1            1     9.522    sky130_ss_1.62_125 
NOR2X1            11    83.798    sky130_ss_1.62_125 
OAI211X1          10   114.200    sky130_ss_1.62_125 
OAI21X1           16   152.352    sky130_ss_1.62_125 
OAI221X1           3    39.993    sky130_ss_1.62_125 
OAI22X1            6    68.556    sky130_ss_1.62_125 
OR2X1              4    38.088    sky130_ss_1.62_125 
OR2X2              1     9.522    sky130_ss_1.62_125 
OR3X1              1    11.426    sky130_ss_1.62_125 
-----------------------------------------------------
total            281  4277.212                       


                                         
     Type      Instances   Area   Area % 
-----------------------------------------
sequential            53 2018.664   47.2 
inverter              54  308.502    7.2 
logic                174 1950.046   45.6 
physical_cells         0    0.000    0.0 
-----------------------------------------
total                281 4277.212  100.0 

