 ------------------------------------------------------------------------------------------------------------------------------------------------------- 
| Snapshot                | WNS                  | TNS                  | Density (%) | Hotspot                   | Resource               | DRVs       |
|                         | HEPG (ns) | ALL (ns) | HEPG (ns) | ALL (ns) |             | Max (bins) | Total (bins) | Real (s) | Memory (MB) | Tran | Cap |
|-------------------------+-----------+----------+-----------+----------+-------------+------------+--------------+----------+-------------+------+-----|
| initial_summary         |           |   -0.163 |           |       -0 |       69.71 |            |              | 0:00:01  |        3410 |    0 |   0 |
| simplify_netlist        |           |          |           |          |             |            |              | 0:00:01  |        3501 |      |     |
| drv_fixing              |           |          |           |          |             |            |              | 0:00:01  |        3501 |      |     |
| global_opt              |           |    0.049 |           |        0 |       69.83 |            |              | 0:00:01  |        3509 |      |     |
| area_reclaiming         |     0.000 |    0.049 |         0 |        0 |       69.83 |            |              | 0:00:01  |        3509 |      |     |
| incremental_replacement |           |          |           |          |             |      15.00 |        16.00 | 0:00:08  |        3509 |      |     |
| area_reclaiming_2       |     0.060 |    0.060 |         0 |        0 |       69.77 |            |              | 0:00:00  |        3501 |      |     |
| drv_eco_fixing          |     0.060 |    0.060 |         0 |        0 |       69.77 |            |              | 0:00:01  |        3501 |    0 |   0 |
| final_summary           |     0.060 |    0.060 |           |        0 |       69.77 |            |              | 0:00:01  |        3485 |    0 |   0 |
 ------------------------------------------------------------------------------------------------------------------------------------------------------- 
