###############################################################
#  Generated by:      Cadence Innovus 23.37-s090_1
#  OS:                Linux x86_64(Host ID iclab)
#  Generated on:      Sun May 17 20:29:49 2026
#  Design:            viterbi_decoder
#  Command:           check_pin_assignment
###############################################################

Start Checking pins of top cell: [viterbi_decoder] 
Summary report for top level: [viterbi_decoder] 
	Total Pins                         : 28
	Legally Assigned Pins              : 28
End of Summary report
End Checking pins of top cell: [viterbi_decoder] 


=================================================================================================================================
                                                   checkPinAssignment Summary
=================================================================================================================================
Partition         | pads  | pins   | legal  | illegal | internal | internal illegal | FT     | FT illegal | constant | unplaced |
=================================================================================================================================
viterbi_decoder   |     0 |     28 |     28 |       0 |        0 |                0 |      0 |          0 |        0 |        0 |
=================================================================================================================================
TOTAL             |     0 |     28 |     28 |       0 |        0 |                0 |      0 |          0 |        0 |        0 |
=================================================================================================================================
