**INFO: Starting Blocking QThread with 1 CPU
   ____________________________________________________________________
__/ message from Blocking QThread
###############################################################
#  Generated by:      Cadence Innovus 23.37-s090_1
#  OS:                Linux x86_64(Host ID iclab)
#  Generated on:      Sun May 17 18:04:32 2026
#  Design:            viterbi_decoder
#  Command:           place_opt_design
###############################################################

REPORT ANALYSIS SUMMARY (View:wc) (EL:Setup)
=========================================================================================================================================================================================================

GroupType:*
=========================================================================================================================================================================================================

         All                             IN2REG                          IN2OUT                           REG2REG                              REG2OUT
    -----------------------------------------------------------------------------------------------------------------------------------------------------------------------------------------------------  
     WNS:TNS:#VIO                     WNS:TNS:#VIO                     WNS:TNS:#VIO                     WNS:TNS:#VIO                     WNS:TNS:#VIO                     FromClk->ToClk                   
    -----------------------------------------------------------------------------------------------------------------------------------------------------------------------------------------------------  
    -0.040:-0.046:2                  0.000:0.000:0                    0.000:0.000:0                    -0.040:-0.046:2                  0.000:0.000:0                    *->*
Ending "set_metric_timing_analysis_summary" (total cpu=0:00:00.1, real=0:00:00.0, peak res=3172.5M, current mem=2482.9M)
Ending "get_summary_setup_timing" (total cpu=0:00:00.3, real=0:00:01.0, peak res=3172.5M, current mem=2484.6M)
_______________________________________________________________________
